---
http_interactions:
- request:
    method: put
    uri: http://10.100.198.4/api/871baa6b48b3a42af620f2509a1f/lights/3/state
    body:
      encoding: UTF-8
      string: '{"on":true}'
    headers:
      Accept-Encoding:
      - gzip;q=1.0,deflate;q=0.6,identity;q=0.3
      Accept:
      - "*/*"
      User-Agent:
      - Ruby
  response:
    status:
      code: 200
      message: OK
    headers:
      Cache-Control:
      - no-store, no-cache, must-revalidate, post-check=0, pre-check=0
      Pragma:
      - no-cache
      Expires:
      - Mon, 1 Aug 2011 09:00:00 GMT
      Connection:
      - close
      Access-Control-Max-Age:
      - '3600'
      Access-Control-Allow-Origin:
      - "*"
      Access-Control-Allow-Credentials:
      - 'true'
      Access-Control-Allow-Methods:
      - POST, GET, OPTIONS, PUT, DELETE, HEAD
      Access-Control-Allow-Headers:
      - Content-Type
      Content-Type:
      - application/json
    body:
      encoding: UTF-8
      string: '[{"success":{"/lights/3/state/on":true}}]'
    http_version: 
  recorded_at: Thu, 21 Jul 2016 08:34:27 GMT
- request:
    method: put
    uri: http://10.100.198.4/api/871baa6b48b3a42af620f2509a1f/lights/3/state
    body:
      encoding: UTF-8
      string: '{"bri":1,"hue":1,"sat":1}'
    headers:
      Accept-Encoding:
      - gzip;q=1.0,deflate;q=0.6,identity;q=0.3
      Accept:
      - "*/*"
      User-Agent:
      - Ruby
  response:
    status:
      code: 200
      message: OK
    headers:
      Cache-Control:
      - no-store, no-cache, must-revalidate, post-check=0, pre-check=0
      Pragma:
      - no-cache
      Expires:
      - Mon, 1 Aug 2011 09:00:00 GMT
      Connection:
      - close
      Access-Control-Max-Age:
      - '3600'
      Access-Control-Allow-Origin:
      - "*"
      Access-Control-Allow-Credentials:
      - 'true'
      Access-Control-Allow-Methods:
      - POST, GET, OPTIONS, PUT, DELETE, HEAD
      Access-Control-Allow-Headers:
      - Content-Type
      Content-Type:
      - application/json
    body:
      encoding: UTF-8
      string: '[{"success":{"/lights/3/state/hue":1}},{"success":{"/lights/3/state/sat":1}},{"success":{"/lights/3/state/bri":1}}]'
    http_version: 
  recorded_at: Thu, 21 Jul 2016 08:34:27 GMT
- request:
    method: put
    uri: http://10.100.198.4/api/871baa6b48b3a42af620f2509a1f/lights/3/state
    body:
      encoding: UTF-8
      string: '{"on":false}'
    headers:
      Accept-Encoding:
      - gzip;q=1.0,deflate;q=0.6,identity;q=0.3
      Accept:
      - "*/*"
      User-Agent:
      - Ruby
  response:
    status:
      code: 200
      message: OK
    headers:
      Cache-Control:
      - no-store, no-cache, must-revalidate, post-check=0, pre-check=0
      Pragma:
      - no-cache
      Expires:
      - Mon, 1 Aug 2011 09:00:00 GMT
      Connection:
      - close
      Access-Control-Max-Age:
      - '3600'
      Access-Control-Allow-Origin:
      - "*"
      Access-Control-Allow-Credentials:
      - 'true'
      Access-Control-Allow-Methods:
      - POST, GET, OPTIONS, PUT, DELETE, HEAD
      Access-Control-Allow-Headers:
      - Content-Type
      Content-Type:
      - application/json
    body:
      encoding: UTF-8
      string: '[{"success":{"/lights/3/state/on":false}}]'
    http_version: 
  recorded_at: Thu, 21 Jul 2016 08:34:27 GMT
recorded_with: VCR 3.0.3
